// Jest Snapshot v1, https://goo.gl/fbAQLP

exports[`Timer Render correctly 1`] = `
<div
  className="sc-bdVaJa gOLQNu"
>
  02
  :
  00
</div>
`;
