// Jest Snapshot v1, https://goo.gl/fbAQLP

exports[`CardWrapper Render correctly 1`] = `
<div
  className="sc-bdVaJa EpHdP"
/>
`;
