// Jest Snapshot v1, https://goo.gl/fbAQLP

exports[`Title Render correctly 1`] = `
<h1
  className="sc-bdVaJa khxkCA"
  color="black"
  fontSize="lg"
>
  Title Example
</h1>
`;
